vsrc/tpu_top.v:1: warning: timescale for tpu_top inherited from another file.
vsrc/test_tpu.v:1: ...: The inherited timescale is here.
vsrc/tpu_top.v:142: warning: implicit definition of wire 'data_set'.
vsrc/tpu_top.v:145: warning: implicit definition of wire 'quantized_data'.
vsrc/addr_sel.v:4: warning: timescale for addr_sel inherited from another file.
vsrc/test_tpu.v:1: ...: The inherited timescale is here.
vsrc/sram_16x128b.v:3: warning: timescale for sram_16x128b inherited from another file.
vsrc/test_tpu.v:1: ...: The inherited timescale is here.
vsrc/sram_16x128b.v:56: warning: task definition for "dis" has an empty port declaration list!
vsrc/sram_32x8b.v:2: warning: timescale for sram_32x8b inherited from another file.
vsrc/test_tpu.v:1: ...: The inherited timescale is here.
vsrc/sram_32x8b.v:37: warning: task definition for "display" has an empty port declaration list!
vsrc/systolic_controll.v:3: warning: timescale for systolic_controll inherited from another file.
vsrc/test_tpu.v:1: ...: The inherited timescale is here.
vsrc/systolic.v:1: warning: timescale for systolic inherited from another file.
vsrc/test_tpu.v:1: ...: The inherited timescale is here.
vsrc/write_out.v:3: warning: timescale for write_out inherited from another file.
vsrc/test_tpu.v:1: ...: The inherited timescale is here.
vsrc/sram_64x64b.v:2: warning: timescale for sram_64x64b inherited from another file.
vsrc/test_tpu.v:1: ...: The inherited timescale is here.
vsrc/sram_64x64b.v:37: warning: task definition for "display" has an empty port declaration list!
vsrc/systolic.v:50: warning: @* is sensitive to all 8 words in array 'weight_queue'.
vsrc/systolic.v:84: warning: @* is sensitive to all 8 words in array 'acc_reg'.
vsrc/tpu_top.v:136: warning: Port 4 (data_set) of write_out expects 6 bits, got 1.
vsrc/tpu_top.v:136:        : Padding 5 high bits of the port.
vsrc/tpu_top.v:136: warning: Port 6 (quantized_data) of write_out expects 128 bits, got 1.
vsrc/tpu_top.v:136:        : Padding 127 high bits of the port.
